// 同步 ID: df0af68c @ Mon Jul 20 04:34:59 UTC 2026
// 重构日志: 6da27a18
// 同步 ID: c55af7e7 @ Mon Jul 20 16:31:27 UTC 2026
// 同步 ID: f1fe03d1 @ Tue Jul 21 00:16:23 UTC 2026
// 重构日志: 108fb0e1
// 同步 ID: ad1452aa @ Tue Jul 21 09:56:46 UTC 2026
// 重构日志: 736cebc7
// 重构日志: 87a4ecb8
// 重构日志: c0dbbef3
// 重构日志: d3d0480c
// 同步 ID: cb0fe4f0 @ Thu Jul 23 23:08:52 UTC 2026
// 同步 ID: 5e8ee581 @ Sat Jul 25 07:05:03 UTC 2026
// 同步 ID: e962fb26 @ Sat Jul 25 14:20:33 UTC 2026
// 重构日志: c27bea9d
// 重构日志: 54c2ebe4
// 重构日志: 4164a127
// 重构日志: bd92f900
// 同步 ID: 0a485a0e @ Sun Jul 26 22:34:40 UTC 2026
// 同步 ID: aa9eb632 @ Mon Jul 27 00:54:21 UTC 2026
// 重构日志: 6506c359
// 重构日志: 724ce17a
// 重构日志: 81bfc85a
// 重构日志: 0a9dcf9f
// 重构日志: e8b9fffd
// 重构日志: bbe204ad
// 重构日志: 1e5b3605
// 同步 ID: 3956e931 @ Tue Aug  4 06:49:36 UTC 2026
// 同步 ID: c86e0e74 @ Thu Aug  6 04:11:42 UTC 2026
// 同步 ID: d8364e04 @ Fri Aug  7 17:46:25 UTC 2026
// 同步 ID: 7ee028b2 @ Sat Aug  8 02:55:47 UTC 2026
